<?xml version="1.0" encoding="utf-8"?>
<TestRun id="1656fe6b-1482-4822-9b23-34202d60dcdc" name="@f5f1757ea91b 2024-08-27 09:14:10" xmlns="http://microsoft.com/schemas/VisualStudio/TeamTest/2010">
  <Times creation="2024-08-27T09:14:10.0971864+00:00" queuing="2024-08-27T09:14:10.0971865+00:00" start="2024-08-27T09:14:05.2432839+00:00" finish="2024-08-27T09:14:17.5946423+00:00" />
  <TestSettings name="default" id="faa34b4d-0641-4fe9-a133-d4e834b326f1">
    <Deployment runDeploymentRoot="_f5f1757ea91b_2024-08-27_09_14_10" />
  </TestSettings>
  <Results>
    <UnitTestResult executionId="a8b18e42-740c-421e-a8e8-efb84f2640f8" testId="a98dcae3-405f-f5d1-60bb-96c2281e0315" testName="RemoveAfterLastFruit" computerName="f5f1757ea91b" duration="00:00:03.8093860" startTime="2024-08-27T09:14:06.2309419+00:00" endTime="2024-08-27T09:14:10.0402506+00:00" testType="13cdc9d9-ddb5-4fa4-a97d-d965ccfc6d4b" outcome="Failed" testListId="8c84fa94-04c1-424b-9868-57a2d4851a1d" relativeResultsDirectory="a8b18e42-740c-421e-a8e8-efb84f2640f8">
      <Output>
        <ErrorInfo>
          <Message>Microsoft.Playwright.PlaywrightException : Executable doesn't exist at /root/.cache/ms-playwright/chromium-1129/chrome-linux/chrome
╔════════════════════════════════════════════════════════════╗
║ Looks like Playwright was just installed or updated.       ║
║ Please run the following command to download new browsers: ║
║                                                            ║
║     pwsh bin/Debug/netX/playwright.ps1 install             ║
║                                                            ║
║ &lt;3 Playwright Team                                         ║
╚════════════════════════════════════════════════════════════╝</Message>
          <StackTrace>   at Microsoft.Playwright.Transport.Connection.InnerSendMessageToServerAsync[T](ChannelOwner object, String method, Dictionary`2 dictionary, Boolean keepNulls) in /_/src/Playwright/Transport/Connection.cs:line 206
   at Microsoft.Playwright.Transport.Connection.WrapApiCallAsync[T](Func`1 action, Boolean isInternal) in /_/src/Playwright/Transport/Connection.cs:line 532
   at Microsoft.Playwright.Core.BrowserType.LaunchAsync(BrowserTypeLaunchOptions options) in /_/src/Playwright/Core/BrowserType.cs:line 56
   at HomeWork.UITestFixture.Setup() in /app/UITestFixture.cs:line 15
   at NUnit.Framework.Internal.TaskAwaitAdapter.GenericAdapter`1.BlockUntilCompleted()
   at NUnit.Framework.Internal.MessagePumpStrategy.NoMessagePumpStrategy.WaitForCompletion(AwaitAdapter awaiter)
   at NUnit.Framework.Internal.AsyncToSyncAdapter.Await(Func`1 invoke)
   at NUnit.Framework.Internal.Commands.SetUpTearDownItem.RunSetUpOrTearDownMethod(TestExecutionContext context, IMethodInfo method)
   at NUnit.Framework.Internal.Commands.SetUpTearDownItem.RunSetUp(TestExecutionContext context)
   at NUnit.Framework.Internal.Commands.SetUpTearDownCommand.&lt;&gt;c__DisplayClass0_0.&lt;.ctor&gt;b__0(TestExecutionContext context)
   at NUnit.Framework.Internal.Commands.BeforeAndAfterTestCommand.&lt;&gt;c__DisplayClass1_0.&lt;Execute&gt;b__0()
   at NUnit.Framework.Internal.Commands.DelegatingTestCommand.RunTestMethodInThreadAbortSafeZone(TestExecutionContext context, Action action)
</StackTrace>
        </ErrorInfo>
      </Output>
    </UnitTestResult>
    <UnitTestResult executionId="88a88e32-3f36-43af-98d5-20050c0bccda" testId="6ccddc90-b0cf-f2ea-20f8-aed07d36bd88" testName="ReplaceResponse" computerName="f5f1757ea91b" duration="00:00:02.5311650" startTime="2024-08-27T09:14:12.5392947+00:00" endTime="2024-08-27T09:14:15.0704600+00:00" testType="13cdc9d9-ddb5-4fa4-a97d-d965ccfc6d4b" outcome="Failed" testListId="8c84fa94-04c1-424b-9868-57a2d4851a1d" relativeResultsDirectory="88a88e32-3f36-43af-98d5-20050c0bccda">
      <Output>
        <ErrorInfo>
          <Message>Microsoft.Playwright.PlaywrightException : Executable doesn't exist at /root/.cache/ms-playwright/chromium-1129/chrome-linux/chrome
╔════════════════════════════════════════════════════════════╗
║ Looks like Playwright was just installed or updated.       ║
║ Please run the following command to download new browsers: ║
║                                                            ║
║     pwsh bin/Debug/netX/playwright.ps1 install             ║
║                                                            ║
║ &lt;3 Playwright Team                                         ║
╚════════════════════════════════════════════════════════════╝</Message>
          <StackTrace>   at Microsoft.Playwright.Transport.Connection.InnerSendMessageToServerAsync[T](ChannelOwner object, String method, Dictionary`2 dictionary, Boolean keepNulls) in /_/src/Playwright/Transport/Connection.cs:line 206
   at Microsoft.Playwright.Transport.Connection.WrapApiCallAsync[T](Func`1 action, Boolean isInternal) in /_/src/Playwright/Transport/Connection.cs:line 532
   at Microsoft.Playwright.Core.BrowserType.LaunchAsync(BrowserTypeLaunchOptions options) in /_/src/Playwright/Core/BrowserType.cs:line 56
   at HomeWork.UITestFixture.Setup() in /app/UITestFixture.cs:line 15
   at NUnit.Framework.Internal.TaskAwaitAdapter.GenericAdapter`1.BlockUntilCompleted()
   at NUnit.Framework.Internal.MessagePumpStrategy.NoMessagePumpStrategy.WaitForCompletion(AwaitAdapter awaiter)
   at NUnit.Framework.Internal.AsyncToSyncAdapter.Await(Func`1 invoke)
   at NUnit.Framework.Internal.Commands.SetUpTearDownItem.RunSetUpOrTearDownMethod(TestExecutionContext context, IMethodInfo method)
   at NUnit.Framework.Internal.Commands.SetUpTearDownItem.RunSetUp(TestExecutionContext context)
   at NUnit.Framework.Internal.Commands.SetUpTearDownCommand.&lt;&gt;c__DisplayClass0_0.&lt;.ctor&gt;b__0(TestExecutionContext context)
   at NUnit.Framework.Internal.Commands.BeforeAndAfterTestCommand.&lt;&gt;c__DisplayClass1_0.&lt;Execute&gt;b__0()
   at NUnit.Framework.Internal.Commands.DelegatingTestCommand.RunTestMethodInThreadAbortSafeZone(TestExecutionContext context, Action action)
</StackTrace>
        </ErrorInfo>
      </Output>
    </UnitTestResult>
    <UnitTestResult executionId="2526df94-9213-4ff4-8f59-f9fcbde5c5c0" testId="474085c5-4fc1-db25-5c73-3a5056b9180e" testName="CheckoutWorkflow" computerName="f5f1757ea91b" duration="00:00:02.4403550" startTime="2024-08-27T09:14:15.0780841+00:00" endTime="2024-08-27T09:14:17.5184385+00:00" testType="13cdc9d9-ddb5-4fa4-a97d-d965ccfc6d4b" outcome="Failed" testListId="8c84fa94-04c1-424b-9868-57a2d4851a1d" relativeResultsDirectory="2526df94-9213-4ff4-8f59-f9fcbde5c5c0">
      <Output>
        <ErrorInfo>
          <Message>Microsoft.Playwright.PlaywrightException : Executable doesn't exist at /root/.cache/ms-playwright/chromium-1129/chrome-linux/chrome
╔════════════════════════════════════════════════════════════╗
║ Looks like Playwright was just installed or updated.       ║
║ Please run the following command to download new browsers: ║
║                                                            ║
║     pwsh bin/Debug/netX/playwright.ps1 install             ║
║                                                            ║
║ &lt;3 Playwright Team                                         ║
╚════════════════════════════════════════════════════════════╝</Message>
          <StackTrace>   at Microsoft.Playwright.Transport.Connection.InnerSendMessageToServerAsync[T](ChannelOwner object, String method, Dictionary`2 dictionary, Boolean keepNulls) in /_/src/Playwright/Transport/Connection.cs:line 206
   at Microsoft.Playwright.Transport.Connection.WrapApiCallAsync[T](Func`1 action, Boolean isInternal) in /_/src/Playwright/Transport/Connection.cs:line 532
   at Microsoft.Playwright.Core.BrowserType.LaunchAsync(BrowserTypeLaunchOptions options) in /_/src/Playwright/Core/BrowserType.cs:line 56
   at HomeWork.UITestFixture.Setup() in /app/UITestFixture.cs:line 15
   at NUnit.Framework.Internal.TaskAwaitAdapter.GenericAdapter`1.BlockUntilCompleted()
   at NUnit.Framework.Internal.MessagePumpStrategy.NoMessagePumpStrategy.WaitForCompletion(AwaitAdapter awaiter)
   at NUnit.Framework.Internal.AsyncToSyncAdapter.Await(Func`1 invoke)
   at NUnit.Framework.Internal.Commands.SetUpTearDownItem.RunSetUpOrTearDownMethod(TestExecutionContext context, IMethodInfo method)
   at NUnit.Framework.Internal.Commands.SetUpTearDownItem.RunSetUp(TestExecutionContext context)
   at NUnit.Framework.Internal.Commands.SetUpTearDownCommand.&lt;&gt;c__DisplayClass0_0.&lt;.ctor&gt;b__0(TestExecutionContext context)
   at NUnit.Framework.Internal.Commands.BeforeAndAfterTestCommand.&lt;&gt;c__DisplayClass1_0.&lt;Execute&gt;b__0()
   at NUnit.Framework.Internal.Commands.DelegatingTestCommand.RunTestMethodInThreadAbortSafeZone(TestExecutionContext context, Action action)
</StackTrace>
        </ErrorInfo>
      </Output>
    </UnitTestResult>
    <UnitTestResult executionId="b6e44308-c0cf-4040-94fe-6c1f835ab362" testId="687c4b4e-984b-9f62-9335-8649193cde47" testName="RemoveAfterLastFruitList" computerName="f5f1757ea91b" duration="00:00:02.4973320" startTime="2024-08-27T09:14:10.0418734+00:00" endTime="2024-08-27T09:14:12.5392054+00:00" testType="13cdc9d9-ddb5-4fa4-a97d-d965ccfc6d4b" outcome="Failed" testListId="8c84fa94-04c1-424b-9868-57a2d4851a1d" relativeResultsDirectory="b6e44308-c0cf-4040-94fe-6c1f835ab362">
      <Output>
        <ErrorInfo>
          <Message>Microsoft.Playwright.PlaywrightException : Executable doesn't exist at /root/.cache/ms-playwright/chromium-1129/chrome-linux/chrome
╔════════════════════════════════════════════════════════════╗
║ Looks like Playwright was just installed or updated.       ║
║ Please run the following command to download new browsers: ║
║                                                            ║
║     pwsh bin/Debug/netX/playwright.ps1 install             ║
║                                                            ║
║ &lt;3 Playwright Team                                         ║
╚════════════════════════════════════════════════════════════╝</Message>
          <StackTrace>   at Microsoft.Playwright.Transport.Connection.InnerSendMessageToServerAsync[T](ChannelOwner object, String method, Dictionary`2 dictionary, Boolean keepNulls) in /_/src/Playwright/Transport/Connection.cs:line 206
   at Microsoft.Playwright.Transport.Connection.WrapApiCallAsync[T](Func`1 action, Boolean isInternal) in /_/src/Playwright/Transport/Connection.cs:line 532
   at Microsoft.Playwright.Core.BrowserType.LaunchAsync(BrowserTypeLaunchOptions options) in /_/src/Playwright/Core/BrowserType.cs:line 56
   at HomeWork.UITestFixture.Setup() in /app/UITestFixture.cs:line 15
   at NUnit.Framework.Internal.TaskAwaitAdapter.GenericAdapter`1.BlockUntilCompleted()
   at NUnit.Framework.Internal.MessagePumpStrategy.NoMessagePumpStrategy.WaitForCompletion(AwaitAdapter awaiter)
   at NUnit.Framework.Internal.AsyncToSyncAdapter.Await(Func`1 invoke)
   at NUnit.Framework.Internal.Commands.SetUpTearDownItem.RunSetUpOrTearDownMethod(TestExecutionContext context, IMethodInfo method)
   at NUnit.Framework.Internal.Commands.SetUpTearDownItem.RunSetUp(TestExecutionContext context)
   at NUnit.Framework.Internal.Commands.SetUpTearDownCommand.&lt;&gt;c__DisplayClass0_0.&lt;.ctor&gt;b__0(TestExecutionContext context)
   at NUnit.Framework.Internal.Commands.BeforeAndAfterTestCommand.&lt;&gt;c__DisplayClass1_0.&lt;Execute&gt;b__0()
   at NUnit.Framework.Internal.Commands.DelegatingTestCommand.RunTestMethodInThreadAbortSafeZone(TestExecutionContext context, Action action)
</StackTrace>
        </ErrorInfo>
      </Output>
    </UnitTestResult>
  </Results>
  <TestDefinitions>
    <UnitTest name="CheckoutWorkflow" storage="/app/bin/debug/net8.0/homework.dll" id="474085c5-4fc1-db25-5c73-3a5056b9180e">
      <Execution id="2526df94-9213-4ff4-8f59-f9fcbde5c5c0" />
      <TestMethod codeBase="/app/bin/Debug/net8.0/HomeWork.dll" adapterTypeName="executor://nunit3testexecutor/" className="HomeWork.HW24_Evershop" name="CheckoutWorkflow" />
    </UnitTest>
    <UnitTest name="ReplaceResponse" storage="/app/bin/debug/net8.0/homework.dll" id="6ccddc90-b0cf-f2ea-20f8-aed07d36bd88">
      <Execution id="88a88e32-3f36-43af-98d5-20050c0bccda" />
      <TestMethod codeBase="/app/bin/Debug/net8.0/HomeWork.dll" adapterTypeName="executor://nunit3testexecutor/" className="HomeWork.HW25_APIResponse" name="ReplaceResponse" />
    </UnitTest>
    <UnitTest name="RemoveAfterLastFruit" storage="/app/bin/debug/net8.0/homework.dll" id="a98dcae3-405f-f5d1-60bb-96c2281e0315">
      <Execution id="a8b18e42-740c-421e-a8e8-efb84f2640f8" />
      <TestMethod codeBase="/app/bin/Debug/net8.0/HomeWork.dll" adapterTypeName="executor://nunit3testexecutor/" className="HomeWork.HW25_APIResponse" name="RemoveAfterLastFruit" />
    </UnitTest>
    <UnitTest name="RemoveAfterLastFruitList" storage="/app/bin/debug/net8.0/homework.dll" id="687c4b4e-984b-9f62-9335-8649193cde47">
      <Execution id="b6e44308-c0cf-4040-94fe-6c1f835ab362" />
      <TestMethod codeBase="/app/bin/Debug/net8.0/HomeWork.dll" adapterTypeName="executor://nunit3testexecutor/" className="HomeWork.HW25_APIResponse" name="RemoveAfterLastFruitList" />
    </UnitTest>
  </TestDefinitions>
  <TestEntries>
    <TestEntry testId="a98dcae3-405f-f5d1-60bb-96c2281e0315" executionId="a8b18e42-740c-421e-a8e8-efb84f2640f8" testListId="8c84fa94-04c1-424b-9868-57a2d4851a1d" />
    <TestEntry testId="6ccddc90-b0cf-f2ea-20f8-aed07d36bd88" executionId="88a88e32-3f36-43af-98d5-20050c0bccda" testListId="8c84fa94-04c1-424b-9868-57a2d4851a1d" />
    <TestEntry testId="474085c5-4fc1-db25-5c73-3a5056b9180e" executionId="2526df94-9213-4ff4-8f59-f9fcbde5c5c0" testListId="8c84fa94-04c1-424b-9868-57a2d4851a1d" />
    <TestEntry testId="687c4b4e-984b-9f62-9335-8649193cde47" executionId="b6e44308-c0cf-4040-94fe-6c1f835ab362" testListId="8c84fa94-04c1-424b-9868-57a2d4851a1d" />
  </TestEntries>
  <TestLists>
    <TestList name="Results Not in a List" id="8c84fa94-04c1-424b-9868-57a2d4851a1d" />
    <TestList name="All Loaded Results" id="19431567-8539-422a-85d7-44ee4e166bda" />
  </TestLists>
  <ResultSummary outcome="Failed">
    <Counters total="4" executed="4" passed="0" failed="4" error="0" timeout="0" aborted="0" inconclusive="0" passedButRunAborted="0" notRunnable="0" notExecuted="0" disconnected="0" warning="0" completed="0" inProgress="0" pending="0" />
    <Output>
      <StdOut>NUnit Adapter 4.5.0.0: Test execution started
Running all tests in /app/bin/Debug/net8.0/HomeWork.dll
   NUnit3TestExecutor discovered 4 of 4 NUnit test cases using Current Discovery mode, Non-Explicit run
NUnit Adapter 4.5.0.0: Test execution complete
</StdOut>
    </Output>
  </ResultSummary>
</TestRun>